TAP version 13
# Subtest: old W5 half-height atlas cut rejects the clipped far-leg fragment before writing
ok 1 - old W5 half-height atlas cut rejects the clipped far-leg fragment before writing
  ---
  duration_ms: 271.5182
  type: 'test'
  ...
# Subtest: unreachable W9 stride rejects IK instead of distorting the leg or writing output
ok 2 - unreachable W9 stride rejects IK instead of distorting the leg or writing output
  ---
  duration_ms: 341.5189
  type: 'test'
  ...
# Subtest: changed source hash rejects stale source-region and joint coordinates before writing
ok 3 - changed source hash rejects stale source-region and joint coordinates before writing
  ---
  duration_ms: 125.3966
  type: 'test'
  ...
# Subtest: valid W9 followed by invalid W5 produces no partially rendered W9 assets
ok 4 - valid W9 followed by invalid W5 produces no partially rendered W9 assets
  ---
  duration_ms: 452.3371
  type: 'test'
  ...
1..4
# tests 4
# suites 0
# pass 4
# fail 0
# cancelled 0
# skipped 0
# todo 0
# duration_ms 1199.8962
